// Jest Snapshot v1, https://goo.gl/fbAQLP

exports[`<Breadcrumb /> тестирует снэпшот контейнера брэдкрамба 1`] = `null`;
